Archive member included to satisfy reference by file (symbol)

/Applications/STM32CubeIDE.app/Contents/Eclipse/plugins/com.st.stm32cube.ide.mcu.externaltools.gnu-tools-for-stm32.11.3.rel1.macos64_1.1.1.202309131626/tools/bin/../lib/gcc/arm-none-eabi/11.3.1/../../../../arm-none-eabi/lib/thumb/v7e-m+fp/hard/libc_nano.a(libc_a-exit.o)
                              /Applications/STM32CubeIDE.app/Contents/Eclipse/plugins/com.st.stm32cube.ide.mcu.externaltools.gnu-tools-for-stm32.11.3.rel1.macos64_1.1.1.202309131626/tools/bin/../lib/gcc/arm-none-eabi/11.3.1/../../../../arm-none-eabi/lib/thumb/v7e-m+fp/hard/crt0.o (exit)
/Applications/STM32CubeIDE.app/Contents/Eclipse/plugins/com.st.stm32cube.ide.mcu.externaltools.gnu-tools-for-stm32.11.3.rel1.macos64_1.1.1.202309131626/tools/bin/../lib/gcc/arm-none-eabi/11.3.1/../../../../arm-none-eabi/lib/thumb/v7e-m+fp/hard/libc_nano.a(libc_a-findfp.o)
                              /Applications/STM32CubeIDE.app/Contents/Eclipse/plugins/com.st.stm32cube.ide.mcu.externaltools.gnu-tools-for-stm32.11.3.rel1.macos64_1.1.1.202309131626/tools/bin/../lib/gcc/arm-none-eabi/11.3.1/../../../../arm-none-eabi/lib/thumb/v7e-m+fp/hard/libc_nano.a(libc_a-exit.o) (__stdio_exit_handler)
/Applications/STM32CubeIDE.app/Contents/Eclipse/plugins/com.st.stm32cube.ide.mcu.externaltools.gnu-tools-for-stm32.11.3.rel1.macos64_1.1.1.202309131626/tools/bin/../lib/gcc/arm-none-eabi/11.3.1/../../../../arm-none-eabi/lib/thumb/v7e-m+fp/hard/libc_nano.a(libc_a-fwalk.o)
                              /Applications/STM32CubeIDE.app/Contents/Eclipse/plugins/com.st.stm32cube.ide.mcu.externaltools.gnu-tools-for-stm32.11.3.rel1.macos64_1.1.1.202309131626/tools/bin/../lib/gcc/arm-none-eabi/11.3.1/../../../../arm-none-eabi/lib/thumb/v7e-m+fp/hard/libc_nano.a(libc_a-findfp.o) (_fwalk_sglue)
/Applications/STM32CubeIDE.app/Contents/Eclipse/plugins/com.st.stm32cube.ide.mcu.externaltools.gnu-tools-for-stm32.11.3.rel1.macos64_1.1.1.202309131626/tools/bin/../lib/gcc/arm-none-eabi/11.3.1/../../../../arm-none-eabi/lib/thumb/v7e-m+fp/hard/libc_nano.a(libc_a-memset.o)
                              /Applications/STM32CubeIDE.app/Contents/Eclipse/plugins/com.st.stm32cube.ide.mcu.externaltools.gnu-tools-for-stm32.11.3.rel1.macos64_1.1.1.202309131626/tools/bin/../lib/gcc/arm-none-eabi/11.3.1/../../../../arm-none-eabi/lib/thumb/v7e-m+fp/hard/crt0.o (memset)
/Applications/STM32CubeIDE.app/Contents/Eclipse/plugins/com.st.stm32cube.ide.mcu.externaltools.gnu-tools-for-stm32.11.3.rel1.macos64_1.1.1.202309131626/tools/bin/../lib/gcc/arm-none-eabi/11.3.1/../../../../arm-none-eabi/lib/thumb/v7e-m+fp/hard/libc_nano.a(libc_a-impure.o)
                              /Applications/STM32CubeIDE.app/Contents/Eclipse/plugins/com.st.stm32cube.ide.mcu.externaltools.gnu-tools-for-stm32.11.3.rel1.macos64_1.1.1.202309131626/tools/bin/../lib/gcc/arm-none-eabi/11.3.1/../../../../arm-none-eabi/lib/thumb/v7e-m+fp/hard/libc_nano.a(libc_a-findfp.o) (_impure_data)
/Applications/STM32CubeIDE.app/Contents/Eclipse/plugins/com.st.stm32cube.ide.mcu.externaltools.gnu-tools-for-stm32.11.3.rel1.macos64_1.1.1.202309131626/tools/bin/../lib/gcc/arm-none-eabi/11.3.1/../../../../arm-none-eabi/lib/thumb/v7e-m+fp/hard/libc_nano.a(libc_a-errno.o)
                              ./Core/Src/syscalls.o (__errno)
/Applications/STM32CubeIDE.app/Contents/Eclipse/plugins/com.st.stm32cube.ide.mcu.externaltools.gnu-tools-for-stm32.11.3.rel1.macos64_1.1.1.202309131626/tools/bin/../lib/gcc/arm-none-eabi/11.3.1/../../../../arm-none-eabi/lib/thumb/v7e-m+fp/hard/libc_nano.a(libc_a-init.o)
                              /Applications/STM32CubeIDE.app/Contents/Eclipse/plugins/com.st.stm32cube.ide.mcu.externaltools.gnu-tools-for-stm32.11.3.rel1.macos64_1.1.1.202309131626/tools/bin/../lib/gcc/arm-none-eabi/11.3.1/../../../../arm-none-eabi/lib/thumb/v7e-m+fp/hard/crt0.o (__libc_init_array)
/Applications/STM32CubeIDE.app/Contents/Eclipse/plugins/com.st.stm32cube.ide.mcu.externaltools.gnu-tools-for-stm32.11.3.rel1.macos64_1.1.1.202309131626/tools/bin/../lib/gcc/arm-none-eabi/11.3.1/../../../../arm-none-eabi/lib/thumb/v7e-m+fp/hard/libc_nano.a(libc_a-lock.o)
                              /Applications/STM32CubeIDE.app/Contents/Eclipse/plugins/com.st.stm32cube.ide.mcu.externaltools.gnu-tools-for-stm32.11.3.rel1.macos64_1.1.1.202309131626/tools/bin/../lib/gcc/arm-none-eabi/11.3.1/../../../../arm-none-eabi/lib/thumb/v7e-m+fp/hard/libc_nano.a(libc_a-findfp.o) (__retarget_lock_init_recursive)
/Applications/STM32CubeIDE.app/Contents/Eclipse/plugins/com.st.stm32cube.ide.mcu.externaltools.gnu-tools-for-stm32.11.3.rel1.macos64_1.1.1.202309131626/tools/bin/../lib/gcc/arm-none-eabi/11.3.1/../../../../arm-none-eabi/lib/thumb/v7e-m+fp/hard/libc_nano.a(libc_a-mallocr.o)
[...]
Memory Configuration

Name             Origin             Length             Attributes
RAM              0x0000000020000000 0x0000000000018000 xrw
RAM2             0x0000000010000000 0x0000000000008000 xrw
FLASH            0x0000000008000000 0x0000000000100000 xr
*default*        0x0000000000000000 0xffffffffffffffff

Linker script and memory map

LOAD /Applications/STM32CubeIDE.app/Contents/Eclipse/plugins/com.st.stm32cube.ide.mcu.externaltools.gnu-tools-for-stm32.11.3.rel1.macos64_1.1.1.202309131626/tools/bin/../lib/gcc/arm-none-eabi/11.3.1/thumb/v7e-m+fp/hard/crti.o
LOAD /Applications/STM32CubeIDE.app/Contents/Eclipse/plugins/com.st.stm32cube.ide.mcu.externaltools.gnu-tools-for-stm32.11.3.rel1.macos64_1.1.1.202309131626/tools/bin/../lib/gcc/arm-none-eabi/11.3.1/thumb/v7e-m+fp/hard/crtbegin.o
LOAD /Applications/STM32CubeIDE.app/Contents/Eclipse/plugins/com.st.stm32cube.ide.mcu.externaltools.gnu-tools-for-stm32.11.3.rel1.macos64_1.1.1.202309131626/tools/bin/../lib/gcc/arm-none-eabi/11.3.1/../../../../arm-none-eabi/lib/thumb/v7e-m+fp/hard/crt0.o
LOAD ./Core/Src/clock.o
LOAD ./Core/Src/gpio.o
LOAD ./Core/Src/main.o
LOAD ./Core/Src/pingpong.o
LOAD ./Core/Src/pingpong_functions.o
LOAD ./Core/Src/stm32l4xx_hal_msp.o
LOAD ./Core/Src/stm32l4xx_it.o
LOAD ./Core/Src/syscalls.o
LOAD ./Core/Src/sysmem.o
LOAD ./Core/Src/system_stm32l4xx.o
LOAD ./Core/Src/test.o
LOAD ./Core/Startup/startup_stm32l476rgtx.o
LOAD ./Drivers/STM32L4xx_HAL_Driver/Src/stm32l4xx_hal.o
LOAD ./Drivers/STM32L4xx_HAL_Driver/Src/stm32l4xx_hal_cortex.o
LOAD ./Drivers/STM32L4xx_HAL_Driver/Src/stm32l4xx_hal_dma.o
LOAD ./Drivers/STM32L4xx_HAL_Driver/Src/stm32l4xx_hal_dma_ex.o
LOAD ./Drivers/STM32L4xx_HAL_Driver/Src/stm32l4xx_hal_exti.o
LOAD ./Drivers/STM32L4xx_HAL_Driver/Src/stm32l4xx_hal_flash.o
LOAD ./Drivers/STM32L4xx_HAL_Driver/Src/stm32l4xx_hal_flash_ex.o
LOAD ./Drivers/STM32L4xx_HAL_Driver/Src/stm32l4xx_hal_flash_ramfunc.o
LOAD ./Drivers/STM32L4xx_HAL_Driver/Src/stm32l4xx_hal_gpio.o
LOAD ./Drivers/STM32L4xx_HAL_Driver/Src/stm32l4xx_hal_pwr.o
LOAD ./Drivers/STM32L4xx_HAL_Driver/Src/stm32l4xx_hal_pwr_ex.o
LOAD ./Drivers/STM32L4xx_HAL_Driver/Src/stm32l4xx_hal_rcc.o
LOAD ./Drivers/STM32L4xx_HAL_Driver/Src/stm32l4xx_hal_rcc_ex.o
START GROUP
LOAD /Applications/STM32CubeIDE.app/Contents/Eclipse/plugins/com.st.stm32cube.ide.mcu.externaltools.gnu-tools-for-stm32.11.3.rel1.macos64_1.1.1.202309131626/tools/bin/../lib/gcc/arm-none-eabi/11.3.1/../../../../arm-none-eabi/lib/thumb/v7e-m+fp/hard/libc_nano.a
LOAD /Applications/STM32CubeIDE.app/Contents/Eclipse/plugins/com.st.stm32cube.ide.mcu.externaltools.gnu-tools-for-stm32.11.3.rel1.macos64_1.1.1.202309131626/tools/bin/../lib/gcc/arm-none-eabi/11.3.1/../../../../arm-none-eabi/lib/thumb/v7e-m+fp/hard/libm.a
END GROUP
START GROUP
LOAD /Applications/STM32CubeIDE.app/Contents/Eclipse/plugins/com.st.stm32cube.ide.mcu.externaltools.gnu-tools-for-stm32.11.3.rel1.macos64_1.1.1.202309131626/tools/bin/../lib/gcc/arm-none-eabi/11.3.1/thumb/v7e-m+fp/hard/libgcc.a
LOAD /Applications/STM32CubeIDE.app/Contents/Eclipse/plugins/com.st.stm32cube.ide.mcu.externaltools.gnu-tools-for-stm32.11.3.rel1.macos64_1.1.1.202309131626/tools/bin/../lib/gcc/arm-none-eabi/11.3.1/../../../../arm-none-eabi/lib/thumb/v7e-m+fp/hard/libc_nano.a
END GROUP
START GROUP
LOAD /Applications/STM32CubeIDE.app/Contents/Eclipse/plugins/com.st.stm32cube.ide.mcu.externaltools.gnu-tools-for-stm32.11.3.rel1.macos64_1.1.1.202309131626/tools/bin/../lib/gcc/arm-none-eabi/11.3.1/thumb/v7e-m+fp/hard/libgcc.a
LOAD /Applications/STM32CubeIDE.app/Contents/Eclipse/plugins/com.st.stm32cube.ide.mcu.externaltools.gnu-tools-for-stm32.11.3.rel1.macos64_1.1.1.202309131626/tools/bin/../lib/gcc/arm-none-eabi/11.3.1/../../../../arm-none-eabi/lib/thumb/v7e-m+fp/hard/libc_nano.a
LOAD /Applications/STM32CubeIDE.app/Contents/Eclipse/plugins/com.st.stm32cube.ide.mcu.externaltools.gnu-tools-for-stm32.11.3.rel1.macos64_1.1.1.202309131626/tools/bin/../lib/gcc/arm-none-eabi/11.3.1/../../../../arm-none-eabi/lib/thumb/v7e-m+fp/hard/libnosys.a
END GROUP
START GROUP
LOAD /Applications/STM32CubeIDE.app/Contents/Eclipse/plugins/com.st.stm32cube.ide.mcu.externaltools.gnu-tools-for-stm32.11.3.rel1.macos64_1.1.1.202309131626/tools/bin/../lib/gcc/arm-none-eabi/11.3.1/thumb/v7e-m+fp/hard/libgcc.a
LOAD /Applications/STM32CubeIDE.app/Contents/Eclipse/plugins/com.st.stm32cube.ide.mcu.externaltools.gnu-tools-for-stm32.11.3.rel1.macos64_1.1.1.202309131626/tools/bin/../lib/gcc/arm-none-eabi/11.3.1/../../../../arm-none-eabi/lib/thumb/v7e-m+fp/hard/libc_nano.a
LOAD /Applications/STM32CubeIDE.app/Contents/Eclipse/plugins/com.st.stm32cube.ide.mcu.externaltools.gnu-tools-for-stm32.11.3.rel1.macos64_1.1.1.202309131626/tools/bin/../lib/gcc/arm-none-eabi/11.3.1/../../../../arm-none-eabi/lib/thumb/v7e-m+fp/hard/libnosys.a
END GROUP
LOAD /Applications/STM32CubeIDE.app/Contents/Eclipse/plugins/com.st.stm32cube.ide.mcu.externaltools.gnu-tools-for-stm32.11.3.rel1.macos64_1.1.1.202309131626/tools/bin/../lib/gcc/arm-none-eabi/11.3.1/thumb/v7e-m+fp/hard/crtend.o
LOAD /Applications/STM32CubeIDE.app/Contents/Eclipse/plugins/com.st.stm32cube.ide.mcu.externaltools.gnu-tools-for-stm32.11.3.rel1.macos64_1.1.1.202309131626/tools/bin/../lib/gcc/arm-none-eabi/11.3.1/thumb/v7e-m+fp/hard/crtn.o
                0x0000000020018000                _estack = (ORIGIN (RAM) + LENGTH (RAM))
                0x0000000000000200                _Min_Heap_Size = 0x200
                0x0000000000000400                _Min_Stack_Size = 0x400

.isr_vector     0x0000000008000000      0x188
                0x0000000008000000                . = ALIGN (0x4)
 *(.isr_vector)
 .isr_vector    0x0000000008000000      0x188 ./Core/Startup/startup_stm32l476rgtx.o
                0x0000000008000000                g_pfnVectors
                0x0000000008000188                . = ALIGN (0x4)

.text           0x0000000008000188     0x1990
                0x0000000008000188                . = ALIGN (0x4)
 *(.text)
 .text          0x0000000008000188       0x40 /Applications/STM32CubeIDE.app/Contents/Eclipse/plugins/com.st.stm32cube.ide.mcu.externaltools.gnu-tools-for-stm32.11.3.rel1.macos64_1.1.1.202309131626/tools/bin/../lib/gcc/arm-none-eabi/11.3.1/thumb/v7e-m+fp/hard/crtbegin.o
 *(.text*)
 .text.SystemClock_Config
                0x00000000080001c8       0xa2 ./Core/Src/clock.o
                0x00000000080001c8                SystemClock_Config
 *fill*         0x000000000800026a        0x2 
 .text.MX_GPIO_Init
                0x000000000800026c      0x17c ./Core/Src/gpio.o
                0x000000000800026c                MX_GPIO_Init
 .text.main     0x00000000080003e8       0x16 ./Core/Src/main.o
                0x00000000080003e8                main
 .text.Error_Handler
                0x00000000080003fe        0xa ./Core/Src/main.o
                0x00000000080003fe                Error_Handler
 .text.Led_on   0x0000000008000408      0x178 ./Core/Src/pingpong_functions.o
                0x0000000008000408                Led_on
 .text.L_hit    0x0000000008000580       0x24 ./Core/Src/pingpong_functions.o
                0x0000000008000580                L_hit
 .text.R_hit    0x00000000080005a4       0x24 ./Core/Src/pingpong_functions.o
                0x00000000080005a4                R_hit
 .text.HAL_MspInit
                0x00000000080005c8       0x48 ./Core/Src/stm32l4xx_hal_msp.o
                0x00000000080005c8                HAL_MspInit
 .text.NMI_Handler
                0x0000000008000610        0x6 ./Core/Src/stm32l4xx_it.o
                0x0000000008000610                NMI_Handler
 .text.HardFault_Handler
                0x0000000008000616        0x6 ./Core/Src/stm32l4xx_it.o
                0x0000000008000616                HardFault_Handler
 .text.MemManage_Handler
                0x000000000800061c        0x6 ./Core/Src/stm32l4xx_it.o
                0x000000000800061c                MemManage_Handler
 .text.BusFault_Handler
                0x0000000008000622        0x6 ./Core/Src/stm32l4xx_it.o
                0x0000000008000622                BusFault_Handler
 .text.UsageFault_Handler
                0x0000000008000628        0x6 ./Core/Src/stm32l4xx_it.o
                0x0000000008000628                UsageFault_Handler
 .text.SVC_Handler
                0x000000000800062e        0xe ./Core/Src/stm32l4xx_it.o
                0x000000000800062e                SVC_Handler
 .text.DebugMon_Handler
                0x000000000800063c        0xe ./Core/Src/stm32l4xx_it.o
                0x000000000800063c                DebugMon_Handler
 .text.PendSV_Handler
                0x000000000800064a        0xe ./Core/Src/stm32l4xx_it.o
                0x000000000800064a                PendSV_Handler
 .text.SysTick_Handler
                0x0000000008000658        0xc ./Core/Src/stm32l4xx_it.o
                0x0000000008000658                SysTick_Handler
 .text.SystemInit
                0x0000000008000664       0x24 ./Core/Src/system_stm32l4xx.o
                0x0000000008000664                SystemInit
 .text.Test_program
                0x0000000008000688        0xc ./Core/Src/test.o
                0x0000000008000688                Test_program
 .text.Test_Buttons
                0x0000000008000694       0xa6 ./Core/Src/test.o
                0x0000000008000694                Test_Buttons
 *fill*         0x000000000800073a        0x2 
 .text.Reset_Handler
                0x000000000800073c       0x50 ./Core/Startup/startup_stm32l476rgtx.o
                0x000000000800073c                Reset_Handler
 .text.Default_Handler
                0x000000000800078c        0x2 ./Core/Startup/startup_stm32l476rgtx.o
                0x000000000800078c                TIM1_BRK_TIM15_IRQHandler
                0x000000000800078c                EXTI2_IRQHandler
                0x000000000800078c                TIM8_TRG_COM_IRQHandler
                0x000000000800078c                TIM8_CC_IRQHandler
                0x000000000800078c                TIM1_CC_IRQHandler
                0x000000000800078c                TSC_IRQHandler
                0x000000000800078c                TAMP_STAMP_IRQHandler
                0x000000000800078c                EXTI3_IRQHandler
                0x000000000800078c                LPTIM2_IRQHandler
                0x000000000800078c                DFSDM1_FLT1_IRQHandler
                0x000000000800078c                I2C3_ER_IRQHandler
                0x000000000800078c                DFSDM1_FLT2_IRQHandler
                0x000000000800078c                EXTI0_IRQHandler
                0x000000000800078c                I2C2_EV_IRQHandler
                0x000000000800078c                CAN1_RX0_IRQHandler
                0x000000000800078c                FPU_IRQHandler
                0x000000000800078c                TIM1_UP_TIM16_IRQHandler
                0x000000000800078c                ADC1_2_IRQHandler
                0x000000000800078c                SPI1_IRQHandler
                0x000000000800078c                TIM6_DAC_IRQHandler
                0x000000000800078c                TIM8_UP_IRQHandler
                0x000000000800078c                DMA2_Channel2_IRQHandler
                0x000000000800078c                DMA1_Channel4_IRQHandler
                0x000000000800078c                SAI2_IRQHandler
                0x000000000800078c                DFSDM1_FLT3_IRQHandler
                0x000000000800078c                USART3_IRQHandler
                0x000000000800078c                DMA1_Channel7_IRQHandler
                0x000000000800078c                CAN1_RX1_IRQHandler
                0x000000000800078c                LCD_IRQHandler
                0x000000000800078c                UART5_IRQHandler
                0x000000000800078c                ADC3_IRQHandler
                0x000000000800078c                TIM4_IRQHandler
                0x000000000800078c                DMA2_Channel1_IRQHandler
                0x000000000800078c                QUADSPI_IRQHandler
                0x000000000800078c                I2C1_EV_IRQHandler
                0x000000000800078c                DMA1_Channel6_IRQHandler
                0x000000000800078c                UART4_IRQHandler
                0x000000000800078c                DMA2_Channel4_IRQHandler
                0x000000000800078c                TIM3_IRQHandler
                0x000000000800078c                RCC_IRQHandler
                0x000000000800078c                DMA1_Channel1_IRQHandler
                0x000000000800078c                Default_Handler
                0x000000000800078c                DMA2_Channel7_IRQHandler
                0x000000000800078c                EXTI15_10_IRQHandler
                0x000000000800078c                TIM7_IRQHandler
                0x000000000800078c                SDMMC1_IRQHandler
                0x000000000800078c                TIM5_IRQHandler
                0x000000000800078c                I2C3_EV_IRQHandler
                0x000000000800078c                EXTI9_5_IRQHandler
                0x000000000800078c                RTC_WKUP_IRQHandler
                0x000000000800078c                PVD_PVM_IRQHandler
                0x000000000800078c                SPI2_IRQHandler
                0x000000000800078c                CAN1_TX_IRQHandler
                0x000000000800078c                DMA2_Channel5_IRQHandler
                0x000000000800078c                DMA1_Channel5_IRQHandler
                0x000000000800078c                EXTI4_IRQHandler
                0x000000000800078c                RNG_IRQHandler
                0x000000000800078c                TIM1_TRG_COM_TIM17_IRQHandler
                0x000000000800078c                DMA1_Channel3_IRQHandler
                0x000000000800078c                COMP_IRQHandler
                0x000000000800078c                WWDG_IRQHandler
                0x000000000800078c                LPUART1_IRQHandler
                0x000000000800078c                DMA2_Channel6_IRQHandler
                0x000000000800078c                TIM2_IRQHandler
                0x000000000800078c                EXTI1_IRQHandler
                0x000000000800078c                USART2_IRQHandler
                0x000000000800078c                DFSDM1_FLT0_IRQHandler
                0x000000000800078c                I2C2_ER_IRQHandler
                0x000000000800078c                DMA1_Channel2_IRQHandler
                0x000000000800078c                TIM8_BRK_IRQHandler
                0x000000000800078c                CAN1_SCE_IRQHandler
                0x000000000800078c                FLASH_IRQHandler
                0x000000000800078c                USART1_IRQHandler
                0x000000000800078c                OTG_FS_IRQHandler
                0x000000000800078c                SPI3_IRQHandler
                0x000000000800078c                I2C1_ER_IRQHandler
                0x000000000800078c                FMC_IRQHandler
                0x000000000800078c                SWPMI1_IRQHandler
                0x000000000800078c                LPTIM1_IRQHandler
                0x000000000800078c                SAI1_IRQHandler
                0x000000000800078c                DMA2_Channel3_IRQHandler
                0x000000000800078c                RTC_Alarm_IRQHandler
 *fill*         0x000000000800078e        0x2 
 .text.HAL_Init
                0x0000000008000790       0x40 ./Drivers/STM32L4xx_HAL_Driver/Src/stm32l4xx_hal.o
                0x0000000008000790                HAL_Init
 .text.HAL_InitTick
                0x00000000080007d0       0x78 ./Drivers/STM32L4xx_HAL_Driver/Src/stm32l4xx_hal.o
                0x00000000080007d0                HAL_InitTick
 .text.HAL_IncTick
                0x0000000008000848       0x28 ./Drivers/STM32L4xx_HAL_Driver/Src/stm32l4xx_hal.o
                0x0000000008000848                HAL_IncTick
 .text.HAL_GetTick
                0x0000000008000870       0x18 ./Drivers/STM32L4xx_HAL_Driver/Src/stm32l4xx_hal.o
                0x0000000008000870                HAL_GetTick
 .text.HAL_Delay
                0x0000000008000888       0x48 ./Drivers/STM32L4xx_HAL_Driver/Src/stm32l4xx_hal.o
                0x0000000008000888                HAL_Delay
 .text.__NVIC_SetPriorityGrouping
                0x00000000080008d0       0x48 ./Drivers/STM32L4xx_HAL_Driver/Src/stm32l4xx_hal_cortex.o
 .text.__NVIC_GetPriorityGrouping
                0x0000000008000918       0x1c ./Drivers/STM32L4xx_HAL_Driver/Src/stm32l4xx_hal_cortex.o
 .text.__NVIC_SetPriority
                0x0000000008000934       0x54 ./Drivers/STM32L4xx_HAL_Driver/Src/stm32l4xx_hal_cortex.o
 .text.NVIC_EncodePriority
                0x0000000008000988       0x66 ./Drivers/STM32L4xx_HAL_Driver/Src/stm32l4xx_hal_cortex.o
 *fill*         0x00000000080009ee        0x2 
 .text.SysTick_Config
                0x00000000080009f0       0x44 ./Drivers/STM32L4xx_HAL_Driver/Src/stm32l4xx_hal_cortex.o
 .text.HAL_NVIC_SetPriorityGrouping
                0x0000000008000a34       0x16 ./Drivers/STM32L4xx_HAL_Driver/Src/stm32l4xx_hal_cortex.o
                0x0000000008000a34                HAL_NVIC_SetPriorityGrouping
 .text.HAL_NVIC_SetPriority
                0x0000000008000a4a       0x38 ./Drivers/STM32L4xx_HAL_Driver/Src/stm32l4xx_hal_cortex.o
                0x0000000008000a4a                HAL_NVIC_SetPriority
 .text.HAL_SYSTICK_Config
                0x0000000008000a82       0x18 ./Drivers/STM32L4xx_HAL_Driver/Src/stm32l4xx_hal_cortex.o
                0x0000000008000a82                HAL_SYSTICK_Config
 *fill*         0x0000000008000a9a        0x2 
 .text.HAL_GPIO_Init
                0x0000000008000a9c      0x354 ./Drivers/STM32L4xx_HAL_Driver/Src/stm32l4xx_hal_gpio.o
                0x0000000008000a9c                HAL_GPIO_Init
 .text.HAL_GPIO_ReadPin
                0x0000000008000df0       0x30 ./Drivers/STM32L4xx_HAL_Driver/Src/stm32l4xx_hal_gpio.o
                0x0000000008000df0                HAL_GPIO_ReadPin
 .text.HAL_GPIO_WritePin
                0x0000000008000e20       0x30 ./Drivers/STM32L4xx_HAL_Driver/Src/stm32l4xx_hal_gpio.o
                0x0000000008000e20                HAL_GPIO_WritePin
 .text.HAL_PWREx_GetVoltageRange
                0x0000000008000e50       0x1c ./Drivers/STM32L4xx_HAL_Driver/Src/stm32l4xx_hal_pwr_ex.o
                0x0000000008000e50                HAL_PWREx_GetVoltageRange
 .text.HAL_PWREx_ControlVoltageScaling
                0x0000000008000e6c       0xac ./Drivers/STM32L4xx_HAL_Driver/Src/stm32l4xx_hal_pwr_ex.o
                0x0000000008000e6c                HAL_PWREx_ControlVoltageScaling
 .text.HAL_RCC_OscConfig
                0x0000000008000f18      0x7b8 ./Drivers/STM32L4xx_HAL_Driver/Src/stm32l4xx_hal_rcc.o
                0x0000000008000f18                HAL_RCC_OscConfig
 .text.HAL_RCC_ClockConfig
                0x00000000080016d0      0x200 ./Drivers/STM32L4xx_HAL_Driver/Src/stm32l4xx_hal_rcc.o
                0x00000000080016d0                HAL_RCC_ClockConfig
 .text.HAL_RCC_GetSysClockFreq
                0x00000000080018d0      0x118 ./Drivers/STM32L4xx_HAL_Driver/Src/stm32l4xx_hal_rcc.o
                0x00000000080018d0                HAL_RCC_GetSysClockFreq
 .text.RCC_SetFlashLatencyFromMSIRange
                0x00000000080019e8       0xc0 ./Drivers/STM32L4xx_HAL_Driver/Src/stm32l4xx_hal_rcc.o
 .text.memset   0x0000000008001aa8       0x10 /Applications/STM32CubeIDE.app/Contents/Eclipse/plugins/com.st.stm32cube.ide.mcu.externaltools.gnu-tools-for-stm32.11.3.rel1.macos64_1.1.1.202309131626/tools/bin/../lib/gcc/arm-none-eabi/11.3.1/../../../../arm-none-eabi/lib/thumb/v7e-m+fp/hard/libc_nano.a(libc_a-memset.o)
                0x0000000008001aa8                memset
 .text.__libc_init_array
                0x0000000008001ab8       0x48 /Applications/STM32CubeIDE.app/Contents/Eclipse/plugins/com.st.stm32cube.ide.mcu.externaltools.gnu-tools-for-stm32.11.3.rel1.macos64_1.1.1.202309131626/tools/bin/../lib/gcc/arm-none-eabi/11.3.1/../../../../arm-none-eabi/lib/thumb/v7e-m+fp/hard/libc_nano.a(libc_a-init.o)
                0x0000000008001ab8                __libc_init_array
 *(.glue_7)
 .glue_7        0x0000000008001b00        0x0 linker stubs
 *(.glue_7t)
 .glue_7t       0x0000000008001b00        0x0 linker stubs
 *(.eh_frame)
 .eh_frame      0x0000000008001b00        0x0 /Applications/STM32CubeIDE.app/Contents/Eclipse/plugins/com.st.stm32cube.ide.mcu.externaltools.gnu-tools-for-stm32.11.3.rel1.macos64_1.1.1.202309131626/tools/bin/../lib/gcc/arm-none-eabi/11.3.1/thumb/v7e-m+fp/hard/crtbegin.o
 *(.init)
 .init          0x0000000008001b00        0x4 /Applications/STM32CubeIDE.app/Contents/Eclipse/plugins/com.st.stm32cube.ide.mcu.externaltools.gnu-tools-for-stm32.11.3.rel1.macos64_1.1.1.202309131626/tools/bin/../lib/gcc/arm-none-eabi/11.3.1/thumb/v7e-m+fp/hard/crti.o
                0x0000000008001b00                _init
 .init          0x0000000008001b04        0x8 /Applications/STM32CubeIDE.app/Contents/Eclipse/plugins/com.st.stm32cube.ide.mcu.externaltools.gnu-tools-for-stm32.11.3.rel1.macos64_1.1.1.202309131626/tools/bin/../lib/gcc/arm-none-eabi/11.3.1/thumb/v7e-m+fp/hard/crtn.o
 *(.fini)
 .fini          0x0000000008001b0c        0x4 /Applications/STM32CubeIDE.app/Contents/Eclipse/plugins/com.st.stm32cube.ide.mcu.externaltools.gnu-tools-for-stm32.11.3.rel1.macos64_1.1.1.202309131626/tools/bin/../lib/gcc/arm-none-eabi/11.3.1/thumb/v7e-m+fp/hard/crti.o
                0x0000000008001b0c                _fini
 .fini          0x0000000008001b10        0x8 /Applications/STM32CubeIDE.app/Contents/Eclipse/plugins/com.st.stm32cube.ide.mcu.externaltools.gnu-tools-for-stm32.11.3.rel1.macos64_1.1.1.202309131626/tools/bin/../lib/gcc/arm-none-eabi/11.3.1/thumb/v7e-m+fp/hard/crtn.o
                0x0000000008001b18                . = ALIGN (0x4)
                0x0000000008001b18                _etext = .

.vfp11_veneer   0x0000000008001b18        0x0
 .vfp11_veneer  0x0000000008001b18        0x0 linker stubs

.v4_bx          0x0000000008001b18        0x0
 .v4_bx         0x0000000008001b18        0x0 linker stubs

.iplt           0x0000000008001b18        0x0
 .iplt          0x0000000008001b18        0x0 /Applications/STM32CubeIDE.app/Contents/Eclipse/plugins/com.st.stm32cube.ide.mcu.externaltools.gnu-tools-for-stm32.11.3.rel1.macos64_1.1.1.202309131626/tools/bin/../lib/gcc/arm-none-eabi/11.3.1/thumb/v7e-m+fp/hard/crtbegin.o

.rodata         0x0000000008001b18       0x40
                0x0000000008001b18                . = ALIGN (0x4)
 *(.rodata)
 *(.rodata*)
 .rodata.AHBPrescTable
                0x0000000008001b18       0x10 ./Core/Src/system_stm32l4xx.o
                0x0000000008001b18                AHBPrescTable
 .rodata.MSIRangeTable
                0x0000000008001b28       0x30 ./Core/Src/system_stm32l4xx.o
                0x0000000008001b28                MSIRangeTable
                0x0000000008001b58                . = ALIGN (0x4)

.rel.dyn        0x0000000008001b58        0x0
 .rel.iplt      0x0000000008001b58        0x0 /Applications/STM32CubeIDE.app/Contents/Eclipse/plugins/com.st.stm32cube.ide.mcu.externaltools.gnu-tools-for-stm32.11.3.rel1.macos64_1.1.1.202309131626/tools/bin/../lib/gcc/arm-none-eabi/11.3.1/thumb/v7e-m+fp/hard/crtbegin.o

.ARM.extab      0x0000000008001b58        0x0
                0x0000000008001b58                . = ALIGN (0x4)
 *(.ARM.extab* .gnu.linkonce.armextab.*)
                0x0000000008001b58                . = ALIGN (0x4)

.ARM            0x0000000008001b58        0x0
                0x0000000008001b58                . = ALIGN (0x4)
                0x0000000008001b58                __exidx_start = .
 *(.ARM.exidx*)
                0x0000000008001b58                __exidx_end = .
                0x0000000008001b58                . = ALIGN (0x4)

.preinit_array  0x0000000008001b58        0x0
                0x0000000008001b58                . = ALIGN (0x4)
                0x0000000008001b58                PROVIDE (__preinit_array_start = .)
 *(.preinit_array*)
                0x0000000008001b58                PROVIDE (__preinit_array_end = .)
                0x0000000008001b58                . = ALIGN (0x4)

.init_array     0x0000000008001b58        0x4
                0x0000000008001b58                . = ALIGN (0x4)
                0x0000000008001b58                PROVIDE (__init_array_start = .)
 *(SORT_BY_NAME(.init_array.*))
 *(.init_array*)
 .init_array    0x0000000008001b58        0x4 /Applications/STM32CubeIDE.app/Contents/Eclipse/plugins/com.st.stm32cube.ide.mcu.externaltools.gnu-tools-for-stm32.11.3.rel1.macos64_1.1.1.202309131626/tools/bin/../lib/gcc/arm-none-eabi/11.3.1/thumb/v7e-m+fp/hard/crtbegin.o
                0x0000000008001b5c                PROVIDE (__init_array_end = .)
                0x0000000008001b5c                . = ALIGN (0x4)

.fini_array     0x0000000008001b5c        0x4
                0x0000000008001b5c                . = ALIGN (0x4)
                [!provide]                        PROVIDE (__fini_array_start = .)
 *(SORT_BY_NAME(.fini_array.*))
 *(.fini_array*)
 .fini_array    0x0000000008001b5c        0x4 /Applications/STM32CubeIDE.app/Contents/Eclipse/plugins/com.st.stm32cube.ide.mcu.externaltools.gnu-tools-for-stm32.11.3.rel1.macos64_1.1.1.202309131626/tools/bin/../lib/gcc/arm-none-eabi/11.3.1/thumb/v7e-m+fp/hard/crtbegin.o
                [!provide]                        PROVIDE (__fini_array_end = .)
                0x0000000008001b60                . = ALIGN (0x4)
                0x0000000008001b60                _sidata = LOADADDR (.data)

.data           0x0000000020000000        0xc load address 0x0000000008001b60
                0x0000000020000000                . = ALIGN (0x4)
                0x0000000020000000                _sdata = .
 *(.data)
 *(.data*)
 .data.SystemCoreClock
                0x0000000020000000        0x4 ./Core/Src/system_stm32l4xx.o
                0x0000000020000000                SystemCoreClock
 .data.uwTickPrio
                0x0000000020000004        0x4 ./Drivers/STM32L4xx_HAL_Driver/Src/stm32l4xx_hal.o
                0x0000000020000004                uwTickPrio
 .data.uwTickFreq
                0x0000000020000008        0x1 ./Drivers/STM32L4xx_HAL_Driver/Src/stm32l4xx_hal.o
                0x0000000020000008                uwTickFreq
 *(.RamFunc)
 *(.RamFunc*)
                0x000000002000000c                . = ALIGN (0x4)
 *fill*         0x0000000020000009        0x3 
                0x000000002000000c                _edata = .

.igot.plt       0x000000002000000c        0x0 load address 0x0000000008001b6c
 .igot.plt      0x000000002000000c        0x0 /Applications/STM32CubeIDE.app/Contents/Eclipse/plugins/com.st.stm32cube.ide.mcu.externaltools.gnu-tools-for-stm32.11.3.rel1.macos64_1.1.1.202309131626/tools/bin/../lib/gcc/arm-none-eabi/11.3.1/thumb/v7e-m+fp/hard/crtbegin.o
                0x000000002000000c                . = ALIGN (0x4)

.bss            0x000000002000000c       0x20 load address 0x0000000008001b6c
                0x000000002000000c                _sbss = .
                0x000000002000000c                __bss_start__ = _sbss
 *(.bss)
 .bss           0x000000002000000c       0x1c /Applications/STM32CubeIDE.app/Contents/Eclipse/plugins/com.st.stm32cube.ide.mcu.externaltools.gnu-tools-for-stm32.11.3.rel1.macos64_1.1.1.202309131626/tools/bin/../lib/gcc/arm-none-eabi/11.3.1/thumb/v7e-m+fp/hard/crtbegin.o
 *(.bss*)
 .bss.uwTick    0x0000000020000028        0x4 ./Drivers/STM32L4xx_HAL_Driver/Src/stm32l4xx_hal.o
                0x0000000020000028                uwTick
 *(COMMON)
                0x000000002000002c                . = ALIGN (0x4)
                0x000000002000002c                _ebss = .
                0x000000002000002c                __bss_end__ = _ebss

._user_heap_stack
                0x000000002000002c      0x604 load address 0x0000000008001b6c
                0x0000000020000030                . = ALIGN (0x8)
 *fill*         0x000000002000002c        0x4 
                [!provide]                        PROVIDE (end = .)
                0x0000000020000030                PROVIDE (_end = .)
                0x0000000020000230                . = (. + _Min_Heap_Size)
 *fill*         0x0000000020000030      0x200 
                0x0000000020000630                . = (. + _Min_Stack_Size)
 *fill*         0x0000000020000230      0x400 
                0x0000000020000630                . = ALIGN (0x8)

/DISCARD/
 libc.a(*)
 libm.a(*)
 libgcc.a(*)

.ARM.attributes
                0x0000000000000000       0x30
 *(.ARM.attributes)
 .ARM.attributes
                0x0000000000000000       0x1e /Applications/STM32CubeIDE.app/Contents/Eclipse/plugins/com.st.stm32cube.ide.mcu.externaltools.gnu-tools-for-stm32.11.3.rel1.macos64_1.1.1.202309131626/tools/bin/../lib/gcc/arm-none-eabi/11.3.1/thumb/v7e-m+fp/hard/crti.o
 .ARM.attributes
                0x000000000000001e       0x34 /Applications/STM32CubeIDE.app/Contents/Eclipse/plugins/com.st.stm32cube.ide.mcu.externaltools.gnu-tools-for-stm32.11.3.rel1.macos64_1.1.1.202309131626/tools/bin/../lib/gcc/arm-none-eabi/11.3.1/thumb/v7e-m+fp/hard/crtbegin.o
 .ARM.attributes
                0x0000000000000052       0x34 ./Core/Src/clock.o
 .ARM.attributes
                0x0000000000000086       0x34 ./Core/Src/gpio.o
 .ARM.attributes
                0x00000000000000ba       0x34 ./Core/Src/main.o
 .ARM.attributes
                0x00000000000000ee       0x34 ./Core/Src/pingpong_functions.o
 .ARM.attributes
                0x0000000000000122       0x34 ./Core/Src/stm32l4xx_hal_msp.o
 .ARM.attributes
                0x0000000000000156       0x34 ./Core/Src/stm32l4xx_it.o
 .ARM.attributes
                0x000000000000018a       0x34 ./Core/Src/system_stm32l4xx.o
 .ARM.attributes
                0x00000000000001be       0x34 ./Core/Src/test.o
 .ARM.attributes
                0x00000000000001f2       0x21 ./Core/Startup/startup_stm32l476rgtx.o
 .ARM.attributes
                0x0000000000000213       0x34 ./Drivers/STM32L4xx_HAL_Driver/Src/stm32l4xx_hal.o
 .ARM.attributes
                0x0000000000000247       0x34 ./Drivers/STM32L4xx_HAL_Driver/Src/stm32l4xx_hal_cortex.o
 .ARM.attributes
                0x000000000000027b       0x34 ./Drivers/STM32L4xx_HAL_Driver/Src/stm32l4xx_hal_gpio.o
 .ARM.attributes
                0x00000000000002af       0x34 ./Drivers/STM32L4xx_HAL_Driver/Src/stm32l4xx_hal_pwr_ex.o
 .ARM.attributes
                0x00000000000002e3       0x34 ./Drivers/STM32L4xx_HAL_Driver/Src/stm32l4xx_hal_rcc.o
 .ARM.attributes
                0x0000000000000317       0x34 /Applications/STM32CubeIDE.app/Contents/Eclipse/plugins/com.st.stm32cube.ide.mcu.externaltools.gnu-tools-for-stm32.11.3.rel1.macos64_1.1.1.202309131626/tools/bin/../lib/gcc/arm-none-eabi/11.3.1/../../../../arm-none-eabi/lib/thumb/v7e-m+fp/hard/libc_nano.a(libc_a-memset.o)
 .ARM.attributes
                0x000000000000034b       0x34 /Applications/STM32CubeIDE.app/Contents/Eclipse/plugins/com.st.stm32cube.ide.mcu.externaltools.gnu-tools-for-stm32.11.3.rel1.macos64_1.1.1.202309131626/tools/bin/../lib/gcc/arm-none-eabi/11.3.1/../../../../arm-none-eabi/lib/thumb/v7e-m+fp/hard/libc_nano.a(libc_a-init.o)
 .ARM.attributes
                0x000000000000037f       0x1e /Applications/STM32CubeIDE.app/Contents/Eclipse/plugins/com.st.stm32cube.ide.mcu.externaltools.gnu-tools-for-stm32.11.3.rel1.macos64_1.1.1.202309131626/tools/bin/../lib/gcc/arm-none-eabi/11.3.1/thumb/v7e-m+fp/hard/crtn.o
OUTPUT(Pingpong.elf elf32-littlearm)
LOAD linker stubs
LOAD /Applications/STM32CubeIDE.app/Contents/Eclipse/plugins/com.st.stm32cube.ide.mcu.externaltools.gnu-tools-for-stm32.11.3.rel1.macos64_1.1.1.202309131626/tools/bin/../lib/gcc/arm-none-eabi/11.3.1/../../../../arm-none-eabi/lib/thumb/v7e-m+fp/hard/libc.a
LOAD /Applications/STM32CubeIDE.app/Contents/Eclipse/plugins/com.st.stm32cube.ide.mcu.externaltools.gnu-tools-for-stm32.11.3.rel1.macos64_1.1.1.202309131626/tools/bin/../lib/gcc/arm-none-eabi/11.3.1/../../../../arm-none-eabi/lib/thumb/v7e-m+fp/hard/libm.a
LOAD /Applications/STM32CubeIDE.app/Contents/Eclipse/plugins/com.st.stm32cube.ide.mcu.externaltools.gnu-tools-for-stm32.11.3.rel1.macos64_1.1.1.202309131626/tools/bin/../lib/gcc/arm-none-eabi/11.3.1/thumb/v7e-m+fp/hard/libgcc.a

.comment        0x0000000000000000       0x43
 .comment       0x0000000000000000       0x43 /Applications/STM32CubeIDE.app/Contents/Eclipse/plugins/com.st.stm32cube.ide.mcu.externaltools.gnu-tools-for-stm32.11.3.rel1.macos64_1.1.1.202309131626/tools/bin/../lib/gcc/arm-none-eabi/11.3.1/thumb/v7e-m+fp/hard/crtbegin.o
                                         0x44 (size before relaxing)
 .comment       0x0000000000000043       0x44 ./Core/Src/clock.o
 .comment       0x0000000000000043       0x44 ./Core/Src/gpio.o
 .comment       0x0000000000000043       0x44 ./Core/Src/main.o
 .comment       0x0000000000000043       0x44 ./Core/Src/pingpong_functions.o
 .comment       0x0000000000000043       0x44 ./Core/Src/stm32l4xx_hal_msp.o
 .comment       0x0000000000000043       0x44 ./Core/Src/stm32l4xx_it.o
 .comment       0x0000000000000043       0x44 ./Core/Src/system_stm32l4xx.o
 .comment       0x0000000000000043       0x44 ./Core/Src/test.o
 .comment       0x0000000000000043       0x44 ./Drivers/STM32L4xx_HAL_Driver/Src/stm32l4xx_hal.o
 .comment       0x0000000000000043       0x44 ./Drivers/STM32L4xx_HAL_Driver/Src/stm32l4xx_hal_cortex.o
 .comment       0x0000000000000043       0x44 ./Drivers/STM32L4xx_HAL_Driver/Src/stm32l4xx_hal_gpio.o
 .comment       0x0000000000000043       0x44 ./Drivers/STM32L4xx_HAL_Driver/Src/stm32l4xx_hal_pwr_ex.o
 .comment       0x0000000000000043       0x44 ./Drivers/STM32L4xx_HAL_Driver/Src/stm32l4xx_hal_rcc.o

.debug_info     0x0000000000000000     0x4cd9
 .debug_info    0x0000000000000000      0x286 ./Core/Src/clock.o
 .debug_info    0x0000000000000286      0x48b ./Core/Src/gpio.o
 .debug_info    0x0000000000000711      0x113 ./Core/Src/main.o
 .debug_info    0x0000000000000824      0x33c ./Core/Src/pingpong_functions.o
 .debug_info    0x0000000000000b60      0x2b9 ./Core/Src/stm32l4xx_hal_msp.o
 .debug_info    0x0000000000000e19      0x113 ./Core/Src/stm32l4xx_it.o
 .debug_info    0x0000000000000f2c      0x5b1 ./Core/Src/system_stm32l4xx.o
 .debug_info    0x00000000000014dd      0x17b ./Core/Src/test.o
 .debug_info    0x0000000000001658       0x23 ./Core/Startup/startup_stm32l476rgtx.o
 .debug_info    0x000000000000167b      0xc09 ./Drivers/STM32L4xx_HAL_Driver/Src/stm32l4xx_hal.o
 .debug_info    0x0000000000002284      0xd4c ./Drivers/STM32L4xx_HAL_Driver/Src/stm32l4xx_hal_cortex.o
 .debug_info    0x0000000000002fd0      0x757 ./Drivers/STM32L4xx_HAL_Driver/Src/stm32l4xx_hal_gpio.o
 .debug_info    0x0000000000003727      0x99e ./Drivers/STM32L4xx_HAL_Driver/Src/stm32l4xx_hal_pwr_ex.o
 .debug_info    0x00000000000040c5      0xc14 ./Drivers/STM32L4xx_HAL_Driver/Src/stm32l4xx_hal_rcc.o

.debug_abbrev   0x0000000000000000     0x13e5
 .debug_abbrev  0x0000000000000000       0xf4 ./Core/Src/clock.o
 .debug_abbrev  0x00000000000000f4      0x152 ./Core/Src/gpio.o
 .debug_abbrev  0x0000000000000246       0xd8 ./Core/Src/main.o
 .debug_abbrev  0x000000000000031e      0x18b ./Core/Src/pingpong_functions.o
 .debug_abbrev  0x00000000000004a9       0xc6 ./Core/Src/stm32l4xx_hal_msp.o
 .debug_abbrev  0x000000000000056f       0x73 ./Core/Src/stm32l4xx_it.o
 .debug_abbrev  0x00000000000005e2      0x11a ./Core/Src/system_stm32l4xx.o
 .debug_abbrev  0x00000000000006fc       0xde ./Core/Src/test.o
 .debug_abbrev  0x00000000000007da       0x12 ./Core/Startup/startup_stm32l476rgtx.o
 .debug_abbrev  0x00000000000007ec      0x243 ./Drivers/STM32L4xx_HAL_Driver/Src/stm32l4xx_hal.o
 .debug_abbrev  0x0000000000000a2f      0x327 ./Drivers/STM32L4xx_HAL_Driver/Src/stm32l4xx_hal_cortex.o
 .debug_abbrev  0x0000000000000d56      0x1cb ./Drivers/STM32L4xx_HAL_Driver/Src/stm32l4xx_hal_gpio.o
 .debug_abbrev  0x0000000000000f21      0x1f9 ./Drivers/STM32L4xx_HAL_Driver/Src/stm32l4xx_hal_pwr_ex.o
 .debug_abbrev  0x000000000000111a      0x2cb ./Drivers/STM32L4xx_HAL_Driver/Src/stm32l4xx_hal_rcc.o

.debug_aranges  0x0000000000000000      0x638
 .debug_aranges
                0x0000000000000000       0x20 ./Core/Src/clock.o
 .debug_aranges
                0x0000000000000020       0x20 ./Core/Src/gpio.o
 .debug_aranges
                0x0000000000000040       0x28 ./Core/Src/main.o
 .debug_aranges
                0x0000000000000068       0x38 ./Core/Src/pingpong_functions.o
 .debug_aranges
                0x00000000000000a0       0x20 ./Core/Src/stm32l4xx_hal_msp.o
 .debug_aranges
                0x00000000000000c0       0x60 ./Core/Src/stm32l4xx_it.o
 .debug_aranges
                0x0000000000000120       0x28 ./Core/Src/system_stm32l4xx.o
 .debug_aranges
                0x0000000000000148       0x38 ./Core/Src/test.o
 .debug_aranges
                0x0000000000000180       0x28 ./Core/Startup/startup_stm32l476rgtx.o
 .debug_aranges
                0x00000000000001a8      0x130 ./Drivers/STM32L4xx_HAL_Driver/Src/stm32l4xx_hal.o
 .debug_aranges
                0x00000000000002d8      0x118 ./Drivers/STM32L4xx_HAL_Driver/Src/stm32l4xx_hal_cortex.o
 .debug_aranges
                0x00000000000003f0       0x58 ./Drivers/STM32L4xx_HAL_Driver/Src/stm32l4xx_hal_gpio.o
 .debug_aranges
                0x0000000000000448      0x160 ./Drivers/STM32L4xx_HAL_Driver/Src/stm32l4xx_hal_pwr_ex.o
 .debug_aranges
                0x00000000000005a8       0x90 ./Drivers/STM32L4xx_HAL_Driver/Src/stm32l4xx_hal_rcc.o

.debug_rnglists
                0x0000000000000000      0x479
 .debug_rnglists
                0x0000000000000000       0x14 ./Core/Src/clock.o
 .debug_rnglists
                0x0000000000000014       0x14 ./Core/Src/gpio.o
 .debug_rnglists
                0x0000000000000028       0x19 ./Core/Src/main.o
 .debug_rnglists
                0x0000000000000041       0x27 ./Core/Src/pingpong_functions.o
 .debug_rnglists
                0x0000000000000068       0x13 ./Core/Src/stm32l4xx_hal_msp.o
 .debug_rnglists
                0x000000000000007b       0x43 ./Core/Src/stm32l4xx_it.o
 .debug_rnglists
                0x00000000000000be       0x1a ./Core/Src/system_stm32l4xx.o
 .debug_rnglists
                0x00000000000000d8       0x26 ./Core/Src/test.o
 .debug_rnglists
                0x00000000000000fe       0x19 ./Core/Startup/startup_stm32l476rgtx.o
 .debug_rnglists
                0x0000000000000117       0xdf ./Drivers/STM32L4xx_HAL_Driver/Src/stm32l4xx_hal.o
 .debug_rnglists
                0x00000000000001f6       0xce ./Drivers/STM32L4xx_HAL_Driver/Src/stm32l4xx_hal_cortex.o
 .debug_rnglists
                0x00000000000002c4       0x3f ./Drivers/STM32L4xx_HAL_Driver/Src/stm32l4xx_hal_gpio.o
 .debug_rnglists
                0x0000000000000303      0x109 ./Drivers/STM32L4xx_HAL_Driver/Src/stm32l4xx_hal_pwr_ex.o
 .debug_rnglists
                0x000000000000040c       0x6d ./Drivers/STM32L4xx_HAL_Driver/Src/stm32l4xx_hal_rcc.o

.debug_macro    0x0000000000000000    0x24965
 .debug_macro   0x0000000000000000      0x1bb ./Core/Src/clock.o
 .debug_macro   0x00000000000001bb      0xaa8 ./Core/Src/clock.o
 .debug_macro   0x0000000000000c63       0x22 ./Core/Src/clock.o
 .debug_macro   0x0000000000000c85       0x8e ./Core/Src/clock.o
 .debug_macro   0x0000000000000d13       0x51 ./Core/Src/clock.o
 .debug_macro   0x0000000000000d64      0x103 ./Core/Src/clock.o
 .debug_macro   0x0000000000000e67       0x6a ./Core/Src/clock.o
 .debug_macro   0x0000000000000ed1      0x1df ./Core/Src/clock.o
 .debug_macro   0x00000000000010b0      0x19b ./Core/Src/clock.o
 .debug_macro   0x000000000000124b       0x2e ./Core/Src/clock.o
 .debug_macro   0x0000000000001279       0x28 ./Core/Src/clock.o
 .debug_macro   0x00000000000012a1       0x1c ./Core/Src/clock.o
 .debug_macro   0x00000000000012bd       0x22 ./Core/Src/clock.o
 .debug_macro   0x00000000000012df       0xfb ./Core/Src/clock.o
 .debug_macro   0x00000000000013da     0x1011 ./Core/Src/clock.o
 .debug_macro   0x00000000000023eb      0x11f ./Core/Src/clock.o
 .debug_macro   0x000000000000250a    0x1a17a ./Core/Src/clock.o
 .debug_macro   0x000000000001c684       0x6d ./Core/Src/clock.o
 .debug_macro   0x000000000001c6f1     0x38e6 ./Core/Src/clock.o
 .debug_macro   0x000000000001ffd7      0x174 ./Core/Src/clock.o
 .debug_macro   0x000000000002014b       0x5c ./Core/Src/clock.o
 .debug_macro   0x00000000000201a7     0x159e ./Core/Src/clock.o
 .debug_macro   0x0000000000021745      0x5a5 ./Core/Src/clock.o
 .debug_macro   0x0000000000021cea      0x1b9 ./Core/Src/clock.o
 .debug_macro   0x0000000000021ea3      0x18b ./Core/Src/clock.o
 .debug_macro   0x000000000002202e      0x26b ./Core/Src/clock.o
 .debug_macro   0x0000000000022299      0x23d ./Core/Src/clock.o
 .debug_macro   0x00000000000224d6      0x241 ./Core/Src/clock.o
 .debug_macro   0x0000000000022717      0x37c ./Core/Src/clock.o
 .debug_macro   0x0000000000022a93       0xd6 ./Core/Src/clock.o
 .debug_macro   0x0000000000022b69      0x122 ./Core/Src/clock.o
 .debug_macro   0x0000000000022c8b      0x3ef ./Core/Src/clock.o
 .debug_macro   0x000000000002307a      0x330 ./Core/Src/clock.o
 .debug_macro   0x00000000000233aa       0xd0 ./Core/Src/clock.o
 .debug_macro   0x000000000002347a      0x1b1 ./Core/Src/gpio.o
 .debug_macro   0x000000000002362b      0x1cf ./Core/Src/main.o
 .debug_macro   0x00000000000237fa      0x1d8 ./Core/Src/pingpong_functions.o
 .debug_macro   0x00000000000239d2       0x22 ./Core/Src/pingpong_functions.o
 .debug_macro   0x00000000000239f4      0x1a7 ./Core/Src/stm32l4xx_hal_msp.o
 .debug_macro   0x0000000000023b9b      0x1b1 ./Core/Src/stm32l4xx_it.o
 .debug_macro   0x0000000000023d4c      0x198 ./Core/Src/system_stm32l4xx.o
 .debug_macro   0x0000000000023ee4      0x1ce ./Core/Src/test.o
 .debug_macro   0x00000000000240b2      0x1e6 ./Drivers/STM32L4xx_HAL_Driver/Src/stm32l4xx_hal.o
 .debug_macro   0x0000000000024298      0x198 ./Drivers/STM32L4xx_HAL_Driver/Src/stm32l4xx_hal_cortex.o
 .debug_macro   0x0000000000024430      0x19f ./Drivers/STM32L4xx_HAL_Driver/Src/stm32l4xx_hal_gpio.o
 .debug_macro   0x00000000000245cf      0x1bc ./Drivers/STM32L4xx_HAL_Driver/Src/stm32l4xx_hal_pwr_ex.o
 .debug_macro   0x000000000002478b      0x1da ./Drivers/STM32L4xx_HAL_Driver/Src/stm32l4xx_hal_rcc.o

.debug_line     0x0000000000000000     0x7614
 .debug_line    0x0000000000000000      0x6bf ./Core/Src/clock.o
 .debug_line    0x00000000000006bf      0x6d2 ./Core/Src/gpio.o
 .debug_line    0x0000000000000d91      0x6bf ./Core/Src/main.o
 .debug_line    0x0000000000001450      0x88e ./Core/Src/pingpong_functions.o
 .debug_line    0x0000000000001cde      0x679 ./Core/Src/stm32l4xx_hal_msp.o
 .debug_line    0x0000000000002357      0x73b ./Core/Src/stm32l4xx_it.o
 .debug_line    0x0000000000002a92      0x710 ./Core/Src/system_stm32l4xx.o
 .debug_line    0x00000000000031a2      0x765 ./Core/Src/test.o
 .debug_line    0x0000000000003907       0x7a ./Core/Startup/startup_stm32l476rgtx.o
 .debug_line    0x0000000000003981      0xa69 ./Drivers/STM32L4xx_HAL_Driver/Src/stm32l4xx_hal.o
 .debug_line    0x00000000000043ea      0xc0f ./Drivers/STM32L4xx_HAL_Driver/Src/stm32l4xx_hal_cortex.o
 .debug_line    0x0000000000004ff9      0xadc ./Drivers/STM32L4xx_HAL_Driver/Src/stm32l4xx_hal_gpio.o
 .debug_line    0x0000000000005ad5      0xc60 ./Drivers/STM32L4xx_HAL_Driver/Src/stm32l4xx_hal_pwr_ex.o
 .debug_line    0x0000000000006735      0xedf ./Drivers/STM32L4xx_HAL_Driver/Src/stm32l4xx_hal_rcc.o

.debug_str      0x0000000000000000    0xde40d
 .debug_str     0x0000000000000000    0xdc683 ./Core/Src/clock.o
                                      0xdc912 (size before relaxing)
 .debug_str     0x00000000000dc683      0x237 ./Core/Src/gpio.o
                                      0xdc95a (size before relaxing)
 .debug_str     0x00000000000dc8ba       0x6c ./Core/Src/main.o
                                      0xdc7c6 (size before relaxing)
 .debug_str     0x00000000000dc926       0xea ./Core/Src/pingpong_functions.o
                                      0xdc8af (size before relaxing)
 .debug_str     0x00000000000dca10       0x2c ./Core/Src/stm32l4xx_hal_msp.o
                                      0xdc878 (size before relaxing)
 .debug_str     0x00000000000dca3c       0xc9 ./Core/Src/stm32l4xx_it.o
                                      0xdc7b1 (size before relaxing)
 .debug_str     0x00000000000dcb05       0xf2 ./Core/Src/system_stm32l4xx.o
                                      0xdc66a (size before relaxing)
 .debug_str     0x00000000000dcbf7       0x3e ./Core/Src/test.o
                                      0xdc80f (size before relaxing)
 .debug_str     0x00000000000dcc35       0x34 ./Core/Startup/startup_stm32l476rgtx.o
                                         0x6f (size before relaxing)
 .debug_str     0x00000000000dcc69      0xb05 ./Drivers/STM32L4xx_HAL_Driver/Src/stm32l4xx_hal.o
                                      0xdd269 (size before relaxing)
 .debug_str     0x00000000000dd76e      0x350 ./Drivers/STM32L4xx_HAL_Driver/Src/stm32l4xx_hal_cortex.o
                                      0xdceb1 (size before relaxing)
 .debug_str     0x00000000000ddabe      0x127 ./Drivers/STM32L4xx_HAL_Driver/Src/stm32l4xx_hal_gpio.o
                                      0xdc7e3 (size before relaxing)
 .debug_str     0x00000000000ddbe5      0x4e3 ./Drivers/STM32L4xx_HAL_Driver/Src/stm32l4xx_hal_pwr_ex.o
                                      0xdcbc5 (size before relaxing)
 .debug_str     0x00000000000de0c8      0x345 ./Drivers/STM32L4xx_HAL_Driver/Src/stm32l4xx_hal_rcc.o
                                      0xdccb0 (size before relaxing)

.debug_frame    0x0000000000000000     0x15cc
 .debug_frame   0x0000000000000000       0x34 ./Core/Src/clock.o
 .debug_frame   0x0000000000000034       0x34 ./Core/Src/gpio.o
 .debug_frame   0x0000000000000068       0x44 ./Core/Src/main.o
 .debug_frame   0x00000000000000ac       0x94 ./Core/Src/pingpong_functions.o
 .debug_frame   0x0000000000000140       0x38 ./Core/Src/stm32l4xx_hal_msp.o
 .debug_frame   0x0000000000000178      0x104 ./Core/Src/stm32l4xx_it.o
 .debug_frame   0x000000000000027c       0x58 ./Core/Src/system_stm32l4xx.o
 .debug_frame   0x00000000000002d4       0x90 ./Core/Src/test.o
 .debug_frame   0x0000000000000364      0x498 ./Drivers/STM32L4xx_HAL_Driver/Src/stm32l4xx_hal.o
 .debug_frame   0x00000000000007fc      0x498 ./Drivers/STM32L4xx_HAL_Driver/Src/stm32l4xx_hal_cortex.o
 .debug_frame   0x0000000000000c94      0x14c ./Drivers/STM32L4xx_HAL_Driver/Src/stm32l4xx_hal_gpio.o
 .debug_frame   0x0000000000000de0      0x584 ./Drivers/STM32L4xx_HAL_Driver/Src/stm32l4xx_hal_pwr_ex.o
 .debug_frame   0x0000000000001364      0x21c ./Drivers/STM32L4xx_HAL_Driver/Src/stm32l4xx_hal_rcc.o
 .debug_frame   0x0000000000001580       0x20 /Applications/STM32CubeIDE.app/Contents/Eclipse/plugins/com.st.stm32cube.ide.mcu.externaltools.gnu-tools-for-stm32.11.3.rel1.macos64_1.1.1.202309131626/tools/bin/../lib/gcc/arm-none-eabi/11.3.1/../../../../arm-none-eabi/lib/thumb/v7e-m+fp/hard/libc_nano.a(libc_a-memset.o)
 .debug_frame   0x00000000000015a0       0x2c /Applications/STM32CubeIDE.app/Contents/Eclipse/plugins/com.st.stm32cube.ide.mcu.externaltools.gnu-tools-for-stm32.11.3.rel1.macos64_1.1.1.202309131626/tools/bin/../lib/gcc/arm-none-eabi/11.3.1/../../../../arm-none-eabi/lib/thumb/v7e-m+fp/hard/libc_nano.a(libc_a-init.o)

.debug_line_str
                0x0000000000000000       0x63
 .debug_line_str
                0x0000000000000000       0x63 ./Core/Startup/startup_stm32l476rgtx.o
                                         0x7b (size before relaxing)
