../Core/Src/test.c:34:10:stageTrafficlight	24	static
../Core/Src/test.c:41:10:stagePedestrianlight	24	static
../Core/Src/test.c:56:6:crosswalkTest	8	static
../Core/Src/test.c:106:6:testStageTrafficlight	16	static
../Core/Src/test.c:167:6:writeLED_Test	8	static
../Core/Src/test.c:177:6:shiftWriteLED_Test	16	static
../Core/Src/test.c:184:6:trafficLED_Test	16	static
../Core/Src/test.c:207:6:toggle_TestIndicatorLight_Test	8	static
../Core/Src/test.c:216:6:crosswalk_Test	8	static
../Core/Src/test.c:227:6:traffic_Test	8	static
../Core/Src/test.c:271:6:trafficSwitch_Test	8	static
../Core/Src/test.c:303:6:pedestrianSwitch_Test	8	static
../Core/Src/test.c:324:6:LED_Test	16	static
../Core/Src/test.c:347:6:pedestrianLED_Test	16	static
