16:13:17 **** Incremental Build of configuration Debug for project Pingpong ****
make -j7 all 
arm-none-eabi-gcc "../Core/Src/pingpong.c" -mcpu=cortex-m4 -std=gnu11 -g3 -DDEBUG -DUSE_HAL_DRIVER -DSTM32L476xx -c -I../Core/Inc -I../Drivers/STM32L4xx_HAL_Driver/Inc -I../Drivers/STM32L4xx_HAL_Driver/Inc/Legacy -I../Drivers/CMSIS/Device/ST/STM32L4xx/Include -I../Drivers/CMSIS/Include -O0 -ffunction-sections -fdata-sections -Wall -fstack-usage -fcyclomatic-complexity -MMD -MP -MF"Core/Src/pingpong.d" -MT"Core/Src/pingpong.o" --specs=nano.specs -mfpu=fpv4-sp-d16 -mfloat-abi=hard -mthumb -o "Core/Src/pingpong.o"
arm-none-eabi-gcc -o "Pingpong.elf" @"objects.list"   -mcpu=cortex-m4 -T"/Users/thomas/STM32CubeIDE/workspace_1.13.3/Pingpong/STM32L476RGTX_FLASH.ld" --specs=nosys.specs -Wl,-Map="Pingpong.map" -Wl,--gc-sections -static --specs=nano.specs -mfpu=fpv4-sp-d16 -mfloat-abi=hard -mthumb -Wl,--start-group -lc -lm -Wl,--end-group
Finished building target: Pingpong.elf
 
arm-none-eabi-size   Pingpong.elf 
arm-none-eabi-objdump -h -S  Pingpong.elf  > "Pingpong.list"
   text	   data	    bss	    dec	    hex	filename
   9668	     20	   1572	  11260	   2bfc	Pingpong.elf
Finished building: default.size.stdout
 
Finished building: Pingpong.list
 

16:13:18 Build Finished. 0 errors, 0 warnings. (took 805ms)

